---
source: src/posterior.rs
expression: posterior.pi_norm
---
? - 1
  - DT75-HL60
: 0.083818
? - 1
  - DT75-day2
: 0.092345
? - 1
  - DT75-day3
: 0.109247
? - 1
  - DT76-HL60
: 0.199634
? - 1
  - DT76-day1
: 0.178451
? - 1
  - DT76-day2
: 0.165769
? - 1
  - DT76-day3
: 0.170735
? - 2
  - DT75-HL60
: 0.09581
? - 2
  - DT75-day2
: 0.100461
? - 2
  - DT75-day3
: 0.131452
? - 2
  - DT76-HL60
: 0.188852
? - 2
  - DT76-day1
: 0.168245
? - 2
  - DT76-day2
: 0.153674
? - 2
  - DT76-day3
: 0.161506
? - 3
  - DT75-HL60
: 0.107282
? - 3
  - DT75-day2
: 0.10738
? - 3
  - DT75-day3
: 0.155709
? - 3
  - DT76-HL60
: 0.176466
? - 3
  - DT76-day1
: 0.158343
? - 3
  - DT76-day2
: 0.141936
? - 3
  - DT76-day3
: 0.152884
? - 4
  - DT75-HL60
: 0.120877
? - 4
  - DT75-day2
: 0.114232
? - 4
  - DT75-day3
: 0.186184
? - 4
  - DT76-HL60
: 0.161213
? - 4
  - DT76-day1
: 0.146251
? - 4
  - DT76-day2
: 0.128351
? - 4
  - DT76-day3
: 0.142893
? - 5
  - DT75-HL60
: 0.136993
? - 5
  - DT75-day2
: 0.12172
? - 5
  - DT75-day3
: 0.22408
? - 5
  - DT76-HL60
: 0.14329
? - 5
  - DT76-day1
: 0.130684
? - 5
  - DT76-day2
: 0.112583
? - 5
  - DT76-day3
: 0.130651
? - 6
  - DT75-HL60
: 0.156611
? - 6
  - DT75-day2
: 0.127749
? - 6
  - DT75-day3
: 0.267745
? - 6
  - DT76-HL60
: 0.123454
? - 6
  - DT76-day1
: 0.11273
? - 6
  - DT76-day2
: 0.095013
? - 6
  - DT76-day3
: 0.116698
? - 7
  - DT75-HL60
: 0.174981
? - 7
  - DT75-day2
: 0.133533
? - 7
  - DT75-day3
: 0.315309
? - 7
  - DT76-HL60
: 0.103161
? - 7
  - DT76-day1
: 0.093867
? - 7
  - DT76-day2
: 0.078595
? - 7
  - DT76-day3
: 0.100553
? - 8
  - DT75-HL60
: 0.194728
? - 8
  - DT75-day2
: 0.136071
? - 8
  - DT75-day3
: 0.363914
? - 8
  - DT76-HL60
: 0.082406
? - 8
  - DT76-day1
: 0.0747
? - 8
  - DT76-day2
: 0.062567
? - 8
  - DT76-day3
: 0.085613
? - 9
  - DT75-HL60
: 0.207647
? - 9
  - DT75-day2
: 0.134444
? - 9
  - DT75-day3
: 0.40941
? - 9
  - DT76-HL60
: 0.067955
? - 9
  - DT76-day1
: 0.059422
? - 9
  - DT76-day2
: 0.048852
? - 9
  - DT76-day3
: 0.072271
? - 10
  - DT75-HL60
: 0.214427
? - 10
  - DT75-day2
: 0.132027
? - 10
  - DT75-day3
: 0.451186
? - 10
  - DT76-HL60
: 0.055175
? - 10
  - DT76-day1
: 0.048229
? - 10
  - DT76-day2
: 0.038599
? - 10
  - DT76-day3
: 0.060356
? - 11
  - DT75-HL60
: 0.230521
? - 11
  - DT75-day2
: 0.128615
? - 11
  - DT75-day3
: 0.478882
? - 11
  - DT76-HL60
: 0.043886
? - 11
  - DT76-day1
: 0.036962
? - 11
  - DT76-day2
: 0.032314
? - 11
  - DT76-day3
: 0.04882
? - 12
  - DT75-HL60
: 0.239314
? - 12
  - DT75-day2
: 0.117919
? - 12
  - DT75-day3
: 0.500254
? - 12
  - DT76-HL60
: 0.036617
? - 12
  - DT76-day1
: 0.039842
? - 12
  - DT76-day2
: 0.024774
? - 12
  - DT76-day3
: 0.041281
? - 13
  - DT75-HL60
: 0.222851
? - 13
  - DT75-day2
: 0.116451
? - 13
  - DT75-day3
: 0.497755
? - 13
  - DT76-HL60
: 0.044198
? - 13
  - DT76-day1
: 0.039897
? - 13
  - DT76-day2
: 0.037317
? - 13
  - DT76-day3
: 0.041531
? - 14
  - DT75-HL60
: 0.235179
? - 14
  - DT75-day2
: 0.079109
? - 14
  - DT75-day3
: 0.502938
? - 14
  - DT76-HL60
: 0.042893
? - 14
  - DT76-day1
: 0.060089
? - 14
  - DT76-day2
: 0.045932
? - 14
  - DT76-day3
: 0.03386
? - 15
  - DT75-HL60
: 0.203719
? - 15
  - DT75-day2
: 0.096489
? - 15
  - DT75-day3
: 0.443995
? - 15
  - DT76-HL60
: 0.070674
? - 15
  - DT76-day1
: 0.072118
? - 15
  - DT76-day2
: 0.06255
? - 15
  - DT76-day3
: 0.050455
? - 16
  - DT75-HL60
: 0.084752
? - 16
  - DT75-day2
: 0.081305
? - 16
  - DT75-day3
: 0.405315
? - 16
  - DT76-HL60
: 0.119221
? - 16
  - DT76-day1
: 0.143637
? - 16
  - DT76-day2
: 0.082741
? - 16
  - DT76-day3
: 0.083029
? - 17
  - DT75-HL60
: 0.103479
? - 17
  - DT75-day2
: 0.045771
? - 17
  - DT75-day3
: 0.229945
? - 17
  - DT76-HL60
: 0.150136
? - 17
  - DT76-day1
: 0.209072
? - 17
  - DT76-day2
: 0.13663
? - 17
  - DT76-day3
: 0.124966
? - 18
  - DT75-HL60
: 0.087059
? - 18
  - DT75-day2
: 0.004527
? - 18
  - DT75-day3
: 0.182067
? - 18
  - DT76-HL60
: 0.182067
? - 18
  - DT76-day1
: 0.257881
? - 18
  - DT76-day2
: 0.128325
? - 18
  - DT76-day3
: 0.158075
? - 19
  - DT75-HL60
: 0.120846
? - 19
  - DT75-day2
: 0.047516
? - 19
  - DT75-day3
: 0.0986
? - 19
  - DT76-HL60
: 0.178522
? - 19
  - DT76-day1
: 0.184289
? - 19
  - DT76-day2
: 0.214775
? - 19
  - DT76-day3
: 0.155452
? - 20
  - DT75-HL60
: 0.030739
? - 20
  - DT75-day2
: 0.012848
? - 20
  - DT75-day3
: 0.082027
? - 20
  - DT76-HL60
: 0.269288
? - 20
  - DT76-day1
: 0.247818
? - 20
  - DT76-day2
: 0.186989
? - 20
  - DT76-day3
: 0.17029
? - 21
  - DT75-HL60
: 0.002307
? - 21
  - DT75-day2
: 0.003597
? - 21
  - DT75-day3
: 0.025517
? - 21
  - DT76-HL60
: 0.304038
? - 21
  - DT76-day1
: 0.244724
? - 21
  - DT76-day2
: 0.20604
? - 21
  - DT76-day3
: 0.213777
? - 22
  - DT75-HL60
: 0.001414
? - 22
  - DT75-day2
: 0.000001
? - 22
  - DT75-day3
: 0.000001
? - 22
  - DT76-HL60
: 0.296427
? - 22
  - DT76-day1
: 0.291369
? - 22
  - DT76-day2
: 0.274511
? - 22
  - DT76-day3
: 0.136277
? - 23
  - DT75-HL60
: 0.000001
? - 23
  - DT75-day2
: 0.041535
? - 23
  - DT75-day3
: 0.039793
? - 23
  - DT76-HL60
: 0.386444
? - 23
  - DT76-day1
: 0.219216
? - 23
  - DT76-day2
: 0.156505
? - 23
  - DT76-day3
: 0.156505
? - 24
  - DT75-HL60
: 0.025819
? - 24
  - DT75-day2
: 0.071044
? - 24
  - DT75-day3
: 0.069305
? - 24
  - DT76-HL60
: 0.32152
? - 24
  - DT76-day1
: 0.20324
? - 24
  - DT76-day2
: 0.182367
? - 24
  - DT76-day3
: 0.126705
? - 25
  - DT75-HL60
: 0.005072
? - 25
  - DT75-day2
: 0.0024
? - 25
  - DT75-day3
: 0.007743
? - 25
  - DT76-HL60
: 0.365757
? - 25
  - DT76-day1
: 0.210796
? - 25
  - DT76-day2
: 0.218811
? - 25
  - DT76-day3
: 0.189422
? - 26
  - DT75-HL60
: 0.013215
? - 26
  - DT75-day2
: 0.053677
? - 26
  - DT75-day3
: 0.001655
? - 26
  - DT76-HL60
: 0.286812
? - 26
  - DT76-day1
: 0.230937
? - 26
  - DT76-day2
: 0.281032
? - 26
  - DT76-day3
: 0.132673
? - 27
  - DT75-HL60
: 0.021993
? - 27
  - DT75-day2
: 0.044257
? - 27
  - DT75-day3
: 0.012097
? - 27
  - DT76-HL60
: 0.217426
? - 27
  - DT76-day1
: 0.232269
? - 27
  - DT76-day2
: 0.395542
? - 27
  - DT76-day3
: 0.076417
? - 28
  - DT75-HL60
: 0.001284
? - 28
  - DT75-day2
: 0.00284
? - 28
  - DT75-day3
: 0.001284
? - 28
  - DT76-HL60
: 0.332659
? - 28
  - DT76-day1
: 0.357551
? - 28
  - DT76-day2
: 0.215977
? - 28
  - DT76-day3
: 0.088406
? - 29
  - DT75-HL60
: 0.000001
? - 29
  - DT75-day2
: 0.009145
? - 29
  - DT75-day3
: 0.000001
? - 29
  - DT76-HL60
: 0.228879
? - 29
  - DT76-day1
: 0.370136
? - 29
  - DT76-day2
: 0.279104
? - 29
  - DT76-day3
: 0.112734
? - 30
  - DT75-HL60
: 0.011656
? - 30
  - DT75-day2
: 0.002114
? - 30
  - DT75-day3
: 0.028354
? - 30
  - DT76-HL60
: 0.159556
? - 30
  - DT76-day1
: 0.326539
? - 30
  - DT76-day2
: 0.276444
? - 30
  - DT76-day3
: 0.195338
? - 31
  - DT75-HL60
: 0.017126
? - 31
  - DT75-day2
: 0.000001
? - 31
  - DT75-day3
: 0.007185
? - 31
  - DT76-HL60
: 0.258213
? - 31
  - DT76-day1
: 0.38497
? - 31
  - DT76-day2
: 0.196077
? - 31
  - DT76-day3
: 0.136427
? - 32
  - DT75-HL60
: 0.01277
? - 32
  - DT75-day2
: 0.002337
? - 32
  - DT75-day3
: 0.000001
? - 32
  - DT76-HL60
: 0.330996
? - 32
  - DT76-day1
: 0.385773
? - 32
  - DT76-day2
: 0.184925
? - 32
  - DT76-day3
: 0.083197
? - 33
  - DT75-HL60
: 0.004064
? - 33
  - DT75-day2
: 0.0084
? - 33
  - DT75-day3
: 0.000001
? - 33
  - DT76-HL60
: 0.194851
? - 33
  - DT76-day1
: 0.2729
? - 33
  - DT76-day2
: 0.220867
? - 33
  - DT76-day3
: 0.298916
? - 34
  - DT75-HL60
: 0.001995
? - 34
  - DT75-day2
: 0.004262
? - 34
  - DT75-day3
: 0.001995
? - 34
  - DT76-HL60
: 0.101732
? - 34
  - DT76-day1
: 0.457611
? - 34
  - DT76-day2
: 0.23547
? - 34
  - DT76-day3
: 0.196935
? - 35
  - DT75-HL60
: 0.001412
? - 35
  - DT75-day2
: 0.003095
? - 35
  - DT75-day3
: 0.000001
? - 35
  - DT76-HL60
: 0.309476
? - 35
  - DT76-day1
: 0.338094
? - 35
  - DT76-day2
: 0.198371
? - 35
  - DT76-day3
: 0.149552
? - 36
  - DT75-HL60
: 0.000001
? - 36
  - DT75-day2
: 0.000001
? - 36
  - DT75-day3
: 0.005291
? - 36
  - DT76-HL60
: 0.389145
? - 36
  - DT76-day1
: 0.266757
? - 36
  - DT76-day2
: 0.247286
? - 36
  - DT76-day3
: 0.091519
? - 37
  - DT75-HL60
: 0.000001
? - 37
  - DT75-day2
: 0.000001
? - 37
  - DT75-day3
: 0.000001
? - 37
  - DT76-HL60
: 0.173662
? - 37
  - DT76-day1
: 0.471281
? - 37
  - DT76-day2
: 0.297348
? - 37
  - DT76-day3
: 0.057706
? - 38
  - DT75-HL60
: 0.000001
? - 38
  - DT75-day2
: 0.000001
? - 38
  - DT75-day3
: 0.002656
? - 38
  - DT76-HL60
: 0.354009
? - 38
  - DT76-day1
: 0.154909
? - 38
  - DT76-day2
: 0.283739
? - 38
  - DT76-day3
: 0.204684
? - 39
  - DT75-HL60
: 0.000001
? - 39
  - DT75-day2
: 0.010735
? - 39
  - DT75-day3
: 0.007066
? - 39
  - DT76-HL60
: 0.227205
? - 39
  - DT76-day1
: 0.289577
? - 39
  - DT76-day2
: 0.370294
? - 39
  - DT76-day3
: 0.095122
? - 40
  - DT75-HL60
: 0.000001
? - 40
  - DT75-day2
: 0.004735
? - 40
  - DT75-day3
: 0.000001
? - 40
  - DT76-HL60
: 0.365223
? - 40
  - DT76-day1
: 0.124898
? - 40
  - DT76-day2
: 0.325169
? - 40
  - DT76-day3
: 0.179972
? - 41
  - DT75-HL60
: 0.010589
? - 41
  - DT75-day2
: 0.007874
? - 41
  - DT75-day3
: 0.018734
? - 41
  - DT76-HL60
: 0.347272
? - 41
  - DT76-day1
: 0.344557
? - 41
  - DT76-day2
: 0.16807
? - 41
  - DT76-day3
: 0.102905
? - 42
  - DT75-HL60
: 0.000001
? - 42
  - DT75-day2
: 0.000001
? - 42
  - DT75-day3
: 0.000001
? - 42
  - DT76-HL60
: 0.214246
? - 42
  - DT76-day1
: 0.277807
? - 42
  - DT76-day2
: 0.349313
? - 42
  - DT76-day3
: 0.158631
? - 43
  - DT75-HL60
: 0.069609
? - 43
  - DT75-day2
: 0.034669
? - 43
  - DT75-day3
: 0.000001
? - 43
  - DT76-HL60
: 0.267606
? - 43
  - DT76-day1
: 0.183749
? - 43
  - DT76-day2
: 0.307205
? - 43
  - DT76-day3
: 0.137161
? - 44
  - DT75-HL60
: 0.045269
? - 44
  - DT75-day2
: 0.047167
? - 44
  - DT75-day3
: 0.003523
? - 44
  - DT76-HL60
: 0.265384
? - 44
  - DT76-day1
: 0.248306
? - 44
  - DT76-day2
: 0.31472
? - 44
  - DT76-day3
: 0.07563
? - 45
  - DT75-HL60
: 0.005291
? - 45
  - DT75-day2
: 0.000001
? - 45
  - DT75-day3
: 0.000001
? - 45
  - DT76-HL60
: 0.227815
? - 45
  - DT76-day1
: 0.467028
? - 45
  - DT76-day2
: 0.188873
? - 45
  - DT76-day3
: 0.11099
? - 46
  - DT75-HL60
: 0.000001
? - 46
  - DT75-day2
: 0.000001
? - 46
  - DT75-day3
: 0.000001
? - 46
  - DT76-HL60
: 0.369694
? - 46
  - DT76-day1
: 0.322212
? - 46
  - DT76-day2
: 0.213398
? - 46
  - DT76-day3
: 0.094693
? - 47
  - DT75-HL60
: 0.000001
? - 47
  - DT75-day2
: 0.010384
? - 47
  - DT75-day3
: 0.00328
? - 47
  - DT76-HL60
: 0.184426
? - 47
  - DT76-day1
: 0.465024
? - 47
  - DT76-day2
: 0.148907
? - 47
  - DT76-day3
: 0.187978
? - 48
  - DT75-HL60
: 0.010159
? - 48
  - DT75-day2
: 0.000001
? - 48
  - DT75-day3
: 0.000001
? - 48
  - DT76-HL60
: 0.277187
? - 48
  - DT76-day1
: 0.243809
? - 48
  - DT76-day2
: 0.225034
? - 48
  - DT76-day3
: 0.243809
? - 49
  - DT75-HL60
: 0.016763
? - 49
  - DT75-day2
: 0.03039
? - 49
  - DT75-day3
: 0.000001
? - 49
  - DT76-HL60
: 0.282501
? - 49
  - DT76-day1
: 0.170073
? - 49
  - DT76-day2
: 0.296129
? - 49
  - DT76-day3
: 0.204142
? - 50
  - DT75-HL60
: 0.002233
? - 50
  - DT75-day2
: 0.004738
? - 50
  - DT75-day3
: 0.004738
? - 50
  - DT76-HL60
: 0.340375
? - 50
  - DT76-day1
: 0.13248
? - 50
  - DT76-day2
: 0.295289
? - 50
  - DT76-day3
: 0.220147
? - 51
  - DT75-HL60
: 0.00191
? - 51
  - DT75-day2
: 0.004093
? - 51
  - DT75-day3
: 0.000001
? - 51
  - DT76-HL60
: 0.180851
? - 51
  - DT76-day1
: 0.366338
? - 51
  - DT76-day2
: 0.233224
? - 51
  - DT76-day3
: 0.213584
? - 52
  - DT75-HL60
: 0.000001
? - 52
  - DT75-day2
: 0.000001
? - 52
  - DT75-day3
: 0.009357
? - 52
  - DT76-HL60
: 0.206739
? - 52
  - DT76-day1
: 0.307838
? - 52
  - DT76-day2
: 0.274138
? - 52
  - DT76-day3
: 0.201925
? - 53
  - DT75-HL60
: 0.166667
? - 53
  - DT75-day2
: 0.000001
? - 53
  - DT75-day3
: 0.012327
? - 53
  - DT76-HL60
: 0.286358
? - 53
  - DT76-day1
: 0.065874
? - 53
  - DT76-day2
: 0.453296
? - 53
  - DT76-day3
: 0.015477
? - 54
  - DT75-HL60
: 0.000001
? - 54
  - DT75-day2
: 0.000001
? - 54
  - DT75-day3
: 0.000001
? - 54
  - DT76-HL60
: 0.273172
? - 54
  - DT76-day1
: 0.245365
? - 54
  - DT76-day2
: 0.259269
? - 54
  - DT76-day3
: 0.222191
? - 55
  - DT75-HL60
: 0.000001
? - 55
  - DT75-day2
: 0.00428
? - 55
  - DT75-day3
: 0.000001
? - 55
  - DT76-HL60
: 0.409374
? - 55
  - DT76-day1
: 0.213654
? - 55
  - DT76-day2
: 0.291032
? - 55
  - DT76-day3
: 0.081657
? - 56
  - DT75-HL60
: 0.014633
? - 56
  - DT75-day2
: 0.169648
? - 56
  - DT75-day3
: 0.000001
? - 56
  - DT76-HL60
: 0.282927
? - 56
  - DT76-day1
: 0.223306
? - 56
  - DT76-day2
: 0.172629
? - 56
  - DT76-day3
: 0.136856
? - 57
  - DT75-HL60
: 0.000001
? - 57
  - DT75-day2
: 0.005584
? - 57
  - DT75-day3
: 0.000001
? - 57
  - DT76-HL60
: 0.157837
? - 57
  - DT76-day1
: 0.192973
? - 57
  - DT76-day2
: 0.456487
? - 57
  - DT76-day3
: 0.187117
? - 58
  - DT75-HL60
: 0.000001
? - 58
  - DT75-day2
: 0.008361
? - 58
  - DT75-day3
: 0.000001
? - 58
  - DT76-HL60
: 0.111949
? - 58
  - DT76-day1
: 0.733481
? - 58
  - DT76-day2
: 0.086052
? - 58
  - DT76-day3
: 0.060155
? - 59
  - DT75-HL60
: 0.01671
? - 59
  - DT75-day2
: 0.0252
? - 59
  - DT75-day3
: 0.033691
? - 59
  - DT76-HL60
: 0.127089
? - 59
  - DT76-day1
: 0.178033
? - 59
  - DT76-day2
: 0.127089
? - 59
  - DT76-day3
: 0.492189
? - 60
  - DT75-HL60
: 0.005293
? - 60
  - DT75-day2
: 0.000001
? - 60
  - DT75-day3
: 0.005293
? - 60
  - DT76-HL60
: 0.2557
? - 60
  - DT76-day1
: 0.283523
? - 60
  - DT76-day2
: 0.19449
? - 60
  - DT76-day3
: 0.2557
? - 61
  - DT75-HL60
: 0.000001
? - 61
  - DT75-day2
: 0.000001
? - 61
  - DT75-day3
: 0.000001
? - 61
  - DT76-HL60
: 0.36898
? - 61
  - DT76-day1
: 0.098196
? - 61
  - DT76-day2
: 0.08999
? - 61
  - DT76-day3
: 0.442831
? - 62
  - DT75-HL60
: 0.005115
? - 62
  - DT75-day2
: 0.037434
? - 62
  - DT75-day3
: 0.021274
? - 62
  - DT76-HL60
: 0.252897
? - 62
  - DT76-day1
: 0.27983
? - 62
  - DT76-day2
: 0.252897
? - 62
  - DT76-day3
: 0.150552
? - 63
  - DT75-HL60
: 0.000001
? - 63
  - DT75-day2
: 0.000001
? - 63
  - DT75-day3
: 0.000001
? - 63
  - DT76-HL60
: 0.420819
? - 63
  - DT76-day1
: 0.09507
? - 63
  - DT76-day2
: 0.166576
? - 63
  - DT76-day3
: 0.317533
? - 64
  - DT75-HL60
: 0.000001
? - 64
  - DT75-day2
: 0.01537
? - 64
  - DT75-day3
: 0.000001
? - 64
  - DT76-HL60
: 0.000001
? - 64
  - DT76-day1
: 0.249999
? - 64
  - DT76-day2
: 0.281283
? - 64
  - DT76-day3
: 0.453344
? - 65
  - DT75-HL60
: 0.000001
? - 65
  - DT75-day2
: 0.007433
? - 65
  - DT75-day3
: 0.007433
? - 65
  - DT76-HL60
: 0.115301
? - 65
  - DT76-day1
: 0.184644
? - 65
  - DT76-day2
: 0.593001
? - 65
  - DT76-day3
: 0.092186
? - 66
  - DT75-HL60
: 0.01111
? - 66
  - DT75-day2
: 0.003522
? - 66
  - DT75-day3
: 0.000001
? - 66
  - DT76-HL60
: 0.185637
? - 66
  - DT76-day1
: 0.197019
? - 66
  - DT76-day2
: 0.500543
? - 66
  - DT76-day3
: 0.102168
? - 67
  - DT75-HL60
: 0.000001
? - 67
  - DT75-day2
: 0.000001
? - 67
  - DT75-day3
: 0.000001
? - 67
  - DT76-HL60
: 0.20891
? - 67
  - DT76-day1
: 0.373267
? - 67
  - DT76-day2
: 0.184007
? - 67
  - DT76-day3
: 0.233813
? - 68
  - DT75-HL60
: 0.000001
? - 68
  - DT75-day2
: 0.054965
? - 68
  - DT75-day3
: 0.025505
? - 68
  - DT76-HL60
: 0.268548
? - 68
  - DT76-day1
: 0.415846
? - 68
  - DT76-day2
: 0.180169
? - 68
  - DT76-day3
: 0.054965
? - 69
  - DT75-HL60
: 0.000001
? - 69
  - DT75-day2
: 0.009403
? - 69
  - DT75-day3
: 0.000001
? - 69
  - DT76-HL60
: 0.096478
? - 69
  - DT76-day1
: 0.522175
? - 69
  - DT76-day2
: 0.164202
? - 69
  - DT76-day3
: 0.20774
? - 70
  - DT75-HL60
: 0.062705
? - 70
  - DT75-day2
: 0.031217
? - 70
  - DT75-day3
: 0.011178
? - 70
  - DT76-HL60
: 0.154307
? - 70
  - DT76-day1
: 0.308887
? - 70
  - DT76-day2
: 0.177208
? - 70
  - DT76-day3
: 0.254498
? - 71
  - DT75-HL60
: 0.000001
? - 71
  - DT75-day2
: 0.000001
? - 71
  - DT75-day3
: 0.000001
? - 71
  - DT76-HL60
: 0.136026
? - 71
  - DT76-day1
: 0.356922
? - 71
  - DT76-day2
: 0.319323
? - 71
  - DT76-day3
: 0.187725
? - 72
  - DT75-HL60
: 0.013643
? - 72
  - DT75-day2
: 0.004367
? - 72
  - DT75-day3
: 0.041474
? - 72
  - DT76-HL60
: 0.282673
? - 72
  - DT76-day1
: 0.278035
? - 72
  - DT76-day2
: 0.273396
? - 72
  - DT76-day3
: 0.106412
? - 73
  - DT75-HL60
: 0.000001
? - 73
  - DT75-day2
: 0.000001
? - 73
  - DT75-day3
: 0.000001
? - 73
  - DT76-HL60
: 0.287711
? - 73
  - DT76-day1
: 0.068296
? - 73
  - DT76-day2
: 0.150577
? - 73
  - DT76-day3
: 0.493413
? - 74
  - DT75-HL60
: 0.000001
? - 74
  - DT75-day2
: 0.006494
? - 74
  - DT75-day3
: 0.000001
? - 74
  - DT76-HL60
: 0.250067
? - 74
  - DT76-day1
: 0.52747
? - 74
  - DT76-day2
: 0.16211
? - 74
  - DT76-day3
: 0.053856
? - 75
  - DT75-HL60
: 0.013087
? - 75
  - DT75-day2
: 0.033125
? - 75
  - DT75-day3
: 0.006408
? - 75
  - DT76-HL60
: 0.29362
? - 75
  - DT76-day1
: 0.240185
? - 75
  - DT76-day2
: 0.313658
? - 75
  - DT76-day3
: 0.099918
? - 76
  - DT75-HL60
: 0.004121
? - 76
  - DT75-day2
: 0.021694
? - 76
  - DT75-day3
: 0.000001
? - 76
  - DT76-HL60
: 0.324819
? - 76
  - DT76-day1
: 0.184239
? - 76
  - DT76-day2
: 0.342391
? - 76
  - DT76-day3
: 0.122735
? - 77
  - DT75-HL60
: 0.006231
? - 77
  - DT75-day2
: 0.000001
? - 77
  - DT75-day3
: 0.000001
? - 77
  - DT76-HL60
: 0.435383
? - 77
  - DT76-day1
: 0.207802
? - 77
  - DT76-day2
: 0.318342
? - 77
  - DT76-day3
: 0.03224
? - 78
  - DT75-HL60
: 0.000001
? - 78
  - DT75-day2
: 0.000001
? - 78
  - DT75-day3
: 0.009999
? - 78
  - DT76-HL60
: 0.112702
? - 78
  - DT76-day1
: 0.372027
? - 78
  - DT76-day2
: 0.348919
? - 78
  - DT76-day3
: 0.156351
? - 79
  - DT75-HL60
: 0.000001
? - 79
  - DT75-day2
: 0.000001
? - 79
  - DT75-day3
: 0.000001
? - 79
  - DT76-HL60
: 0.000001
? - 79
  - DT76-day1
: 0.708971
? - 79
  - DT76-day2
: 0.000001
? - 79
  - DT76-day3
: 0.291024
? - 80
  - DT75-HL60
: 0.000001
? - 80
  - DT75-day2
: 0.000001
? - 80
  - DT75-day3
: 0.000001
? - 80
  - DT76-HL60
: 0.737625
? - 80
  - DT76-day1
: 0.000001
? - 80
  - DT76-day2
: 0.000001
? - 80
  - DT76-day3
: 0.26237
? - 81
  - DT75-HL60
: 0.000001
? - 81
  - DT75-day2
: 0.02446
? - 81
  - DT75-day3
: 0.02446
? - 81
  - DT76-HL60
: 0.240861
? - 81
  - DT76-day1
: 0.222313
? - 81
  - DT76-day2
: 0.345971
? - 81
  - DT76-day3
: 0.141935
? - 82
  - DT75-HL60
: 0.000001
? - 82
  - DT75-day2
: 0.000001
? - 82
  - DT75-day3
: 0.000001
? - 82
  - DT76-HL60
: 0.28052
? - 82
  - DT76-day1
: 0.268312
? - 82
  - DT76-day2
: 0.374117
? - 82
  - DT76-day3
: 0.077048
? - 83
  - DT75-HL60
: 0.005762
? - 83
  - DT75-day2
: 0.000001
? - 83
  - DT75-day3
: 0.005762
? - 83
  - DT76-HL60
: 0.247119
? - 83
  - DT76-day1
: 0.524679
? - 83
  - DT76-day2
: 0.090237
? - 83
  - DT76-day3
: 0.12644
? - 85
  - DT75-HL60
: 0.015444
? - 85
  - DT75-day2
: 0.03116
? - 85
  - DT75-day3
: 0.015444
? - 85
  - DT76-HL60
: 0.204038
? - 85
  - DT76-day1
: 0.431922
? - 85
  - DT76-day2
: 0.156889
? - 85
  - DT76-day3
: 0.145102
? - 86
  - DT75-HL60
: 0.000001
? - 86
  - DT75-day2
: 0.000001
? - 86
  - DT75-day3
: 0.000001
? - 86
  - DT76-HL60
: 0.232538
? - 86
  - DT76-day1
: 0.50609
? - 86
  - DT76-day2
: 0.133594
? - 86
  - DT76-day3
: 0.127774
? - 87
  - DT75-HL60
: 0.000001
? - 87
  - DT75-day2
: 0.000001
? - 87
  - DT75-day3
: 0.000001
? - 87
  - DT76-HL60
: 0.310409
? - 87
  - DT76-day1
: 0.37945
? - 87
  - DT76-day2
: 0.235616
? - 87
  - DT76-day3
: 0.074522
? - 89
  - DT75-HL60
: 0.000001
? - 89
  - DT75-day2
: 0.000001
? - 89
  - DT75-day3
: 0.007229
? - 89
  - DT76-HL60
: 0.145994
? - 89
  - DT76-day1
: 0.311011
? - 89
  - DT76-day2
: 0.055984
? - 89
  - DT76-day3
: 0.479779
? - 90
  - DT75-HL60
: 0.000001
? - 90
  - DT75-day2
: 0.000001
? - 90
  - DT75-day3
: 0.000001
? - 90
  - DT76-HL60
: 0.155452
? - 90
  - DT76-day1
: 0.400162
? - 90
  - DT76-day2
: 0.28893
? - 90
  - DT76-day3
: 0.155452
? - 91
  - DT75-HL60
: 0.000001
? - 91
  - DT75-day2
: 0.000001
? - 91
  - DT75-day3
: 0.010732
? - 91
  - DT76-HL60
: 0.109767
? - 91
  - DT76-day1
: 0.428881
? - 91
  - DT76-day2
: 0.395869
? - 91
  - DT76-day3
: 0.054748
? - 92
  - DT75-HL60
: 0.010613
? - 92
  - DT75-day2
: 0.000001
? - 92
  - DT75-day3
: 0.000001
? - 92
  - DT76-HL60
: 0.375237
? - 92
  - DT76-day1
: 0.065034
? - 92
  - DT76-day2
: 0.500407
? - 92
  - DT76-day3
: 0.048708
? - 93
  - DT75-HL60
: 0.000001
? - 93
  - DT75-day2
: 0.000001
? - 93
  - DT75-day3
: 0.000001
? - 93
  - DT76-HL60
: 0.000001
? - 93
  - DT76-day1
: 0.634651
? - 93
  - DT76-day2
: 0.225718
? - 93
  - DT76-day3
: 0.139627
? - 94
  - DT75-HL60
: 0.042351
? - 94
  - DT75-day2
: 0.02104
? - 94
  - DT75-day3
: 0.031695
? - 94
  - DT76-HL60
: 0.000001
? - 94
  - DT76-day1
: 0.298086
? - 94
  - DT76-day2
: 0.36202
? - 94
  - DT76-day3
: 0.244808
? - 95
  - DT75-HL60
: 0.000001
? - 95
  - DT75-day2
: 0.000001
? - 95
  - DT75-day3
: 0.000001
? - 95
  - DT76-HL60
: 0.26844
? - 95
  - DT76-day1
: 0.537152
? - 95
  - DT76-day2
: 0.020804
? - 95
  - DT76-day3
: 0.173601
? - 96
  - DT75-HL60
: 0.000001
? - 96
  - DT75-day2
: 0.002336
? - 96
  - DT75-day3
: 0.000001
? - 96
  - DT76-HL60
: 0.265714
? - 96
  - DT76-day1
: 0.221383
? - 96
  - DT76-day2
: 0.171836
? - 96
  - DT76-day3
: 0.338729
? - 97
  - DT75-HL60
: 0.000001
? - 97
  - DT75-day2
: 0.000001
? - 97
  - DT75-day3
: 0.000001
? - 97
  - DT76-HL60
: 0.340303
? - 97
  - DT76-day1
: 0.237099
? - 97
  - DT76-day2
: 0.237099
? - 97
  - DT76-day3
: 0.185496
? - 99
  - DT75-HL60
: 0.000001
? - 99
  - DT75-day2
: 0.000001
? - 99
  - DT75-day3
: 0.000001
? - 99
  - DT76-HL60
: 0.181744
? - 99
  - DT76-day1
: 0.00984
? - 99
  - DT76-day2
: 0.586222
? - 99
  - DT76-day3
: 0.222191
? - 101
  - DT75-HL60
: 0.000001
? - 101
  - DT75-day2
: 0.0146
? - 101
  - DT75-day3
: 0.000001
? - 101
  - DT76-HL60
: 0.282289
? - 101
  - DT76-day1
: 0.108787
? - 101
  - DT76-day2
: 0.426048
? - 101
  - DT76-day3
: 0.168273
? - 102
  - DT75-HL60
: 0.000001
? - 102
  - DT75-day2
: 0.000001
? - 102
  - DT75-day3
: 0.000001
? - 102
  - DT76-HL60
: 0.421639
? - 102
  - DT76-day1
: 0.000001
? - 102
  - DT76-day2
: 0.519758
? - 102
  - DT76-day3
: 0.0586
? - 103
  - DT75-HL60
: 0.009448
? - 103
  - DT75-day2
: 0.000001
? - 103
  - DT75-day3
: 0.000001
? - 103
  - DT76-HL60
: 0.252429
? - 103
  - DT76-day1
: 0.388499
? - 103
  - DT76-day2
: 0.349622
? - 103
  - DT76-day3
: 0.000001
? - 105
  - DT75-HL60
: 0.076022
? - 105
  - DT75-day2
: 0.000001
? - 105
  - DT75-day3
: 0.000001
? - 105
  - DT76-HL60
: 0.214305
? - 105
  - DT76-day1
: 0.037875
? - 105
  - DT76-day2
: 0.51948
? - 105
  - DT76-day3
: 0.152316
? - 106
  - DT75-HL60
: 0.000001
? - 106
  - DT75-day2
: 0.000001
? - 106
  - DT75-day3
: 0.000001
? - 106
  - DT76-HL60
: 0.245277
? - 106
  - DT76-day1
: 0.254721
? - 106
  - DT76-day2
: 0.231111
? - 106
  - DT76-day3
: 0.268888
? - 111
  - DT75-HL60
: 0.00875
? - 111
  - DT75-day2
: 0.000001
? - 111
  - DT75-day3
: 0.000001
? - 111
  - DT76-HL60
: 0.126026
? - 111
  - DT76-day1
: 0.297429
? - 111
  - DT76-day2
: 0.437258
? - 111
  - DT76-day3
: 0.130536
? - 114
  - DT75-HL60
: 0.000001
? - 114
  - DT75-day2
: 0.333605
? - 114
  - DT75-day3
: 0.002657
? - 114
  - DT76-HL60
: 0.119807
? - 114
  - DT76-day1
: 0.169595
? - 114
  - DT76-day2
: 0.348248
? - 114
  - DT76-day3
: 0.026087
? - 117
  - DT75-HL60
: 0.000001
? - 117
  - DT75-day2
: 0.025404
? - 117
  - DT75-day3
: 0.000001
? - 117
  - DT76-HL60
: 0.119549
? - 117
  - DT76-day1
: 0.530362
? - 117
  - DT76-day2
: 0.273604
? - 117
  - DT76-day3
: 0.05108
? - 122
  - DT75-HL60
: 0.000001
? - 122
  - DT75-day2
: 0.000001
? - 122
  - DT75-day3
: 0.000001
? - 122
  - DT76-HL60
: 0.327952
? - 122
  - DT76-day1
: 0.073579
? - 122
  - DT76-day2
: 0.327952
? - 122
  - DT76-day3
: 0.270513
? - 123
  - DT75-HL60
: 0.000001
? - 123
  - DT75-day2
: 0.007867
? - 123
  - DT75-day3
: 0.000001
? - 123
  - DT76-HL60
: 0.235756
? - 123
  - DT76-day1
: 0.72409
? - 123
  - DT76-day2
: 0.000001
? - 123
  - DT76-day3
: 0.032284
? - 124
  - DT75-HL60
: 0.000001
? - 124
  - DT75-day2
: 0.000001
? - 124
  - DT75-day3
: 0.000001
? - 124
  - DT76-HL60
: 0.17734
? - 124
  - DT76-day1
: 0.17734
? - 124
  - DT76-day2
: 0.346878
? - 124
  - DT76-day3
: 0.298439
? - 128
  - DT75-HL60
: 0.015375
? - 128
  - DT75-day2
: 0.038844
? - 128
  - DT75-day3
: 0.000001
? - 128
  - DT76-HL60
: 0.000001
? - 128
  - DT76-day1
: 0.539522
? - 128
  - DT76-day2
: 0.265714
? - 128
  - DT76-day3
: 0.140544
? - 130
  - DT75-HL60
: 0.000001
? - 130
  - DT75-day2
: 0.000001
? - 130
  - DT75-day3
: 0.000001
? - 130
  - DT76-HL60
: 0.299972
? - 130
  - DT76-day1
: 0.669502
? - 130
  - DT76-day2
: 0.000001
? - 130
  - DT76-day3
: 0.030523
? - 131
  - DT75-HL60
: 0.000001
? - 131
  - DT75-day2
: 0.000001
? - 131
  - DT75-day3
: 0.007372
? - 131
  - DT76-HL60
: 0.553914
? - 131
  - DT76-day1
: 0.122031
? - 131
  - DT76-day2
: 0.305486
? - 131
  - DT76-day3
: 0.011194
? - 132
  - DT75-HL60
: 0.000001
? - 132
  - DT75-day2
: 0.000001
? - 132
  - DT75-day3
: 0.007312
? - 132
  - DT76-HL60
: 0.265167
? - 132
  - DT76-day1
: 0.181744
? - 132
  - DT76-day2
: 0.545774
? - 132
  - DT76-day3
: 0.000001
? - 133
  - DT75-HL60
: 0.000001
? - 133
  - DT75-day2
: 0.000001
? - 133
  - DT75-day3
: 0.000001
? - 133
  - DT76-HL60
: 0.157794
? - 133
  - DT76-day1
: 0.31586
? - 133
  - DT76-day2
: 0.436291
? - 133
  - DT76-day3
: 0.090052
? - 134
  - DT75-HL60
: 0.004711
? - 134
  - DT75-day2
: 0.00222
? - 134
  - DT75-day3
: 0.000001
? - 134
  - DT76-HL60
: 0.223974
? - 134
  - DT76-day1
: 0.503035
? - 134
  - DT76-day2
: 0.091918
? - 134
  - DT76-day3
: 0.174141
? - 135
  - DT75-HL60
: 0.010857
? - 135
  - DT75-day2
: 0.000001
? - 135
  - DT75-day3
: 0.003438
? - 135
  - DT76-HL60
: 0.162957
? - 135
  - DT76-day1
: 0.519092
? - 135
  - DT76-day2
: 0.207474
? - 135
  - DT76-day3
: 0.096181
? - 137
  - DT75-HL60
: 0.014347
? - 137
  - DT75-day2
: 0.000001
? - 137
  - DT75-day3
: 0.000001
? - 137
  - DT76-HL60
: 0.321332
? - 137
  - DT76-day1
: 0.162966
? - 137
  - DT76-day2
: 0.279913
? - 137
  - DT76-day3
: 0.22144
? - 138
  - DT75-HL60
: 0.000001
? - 138
  - DT75-day2
: 0.000001
? - 138
  - DT75-day3
: 0.000001
? - 138
  - DT76-HL60
: 0.434982
? - 138
  - DT76-day1
: 0.442236
? - 138
  - DT76-day2
: 0.115796
? - 138
  - DT76-day3
: 0.006983
? - 139
  - DT75-HL60
: 0.010537
? - 139
  - DT75-day2
: 0.000001
? - 139
  - DT75-day3
: 0.006934
? - 139
  - DT76-HL60
: 0.284364
? - 139
  - DT76-day1
: 0.259143
? - 139
  - DT76-day2
: 0.316791
? - 139
  - DT76-day3
: 0.12223
? - 140
  - DT75-HL60
: 0.01046
? - 140
  - DT75-day2
: 0.003305
? - 140
  - DT75-day3
: 0.000001
? - 140
  - DT76-HL60
: 0.378917
? - 140
  - DT76-day1
: 0.411112
? - 140
  - DT76-day2
: 0.1142
? - 140
  - DT76-day3
: 0.082005
? - 142
  - DT75-HL60
: 0.000001
? - 142
  - DT75-day2
: 0.020889
? - 142
  - DT75-day3
: 0.010309
? - 142
  - DT76-HL60
: 0.454694
? - 142
  - DT76-day1
: 0.461747
? - 142
  - DT76-day2
: 0.020889
? - 142
  - DT76-day3
: 0.03147
? - 143
  - DT75-HL60
: 0.048772
? - 143
  - DT75-day2
: 0.020747
? - 143
  - DT75-day3
: 0.048772
? - 143
  - DT76-HL60
: 0.16788
? - 143
  - DT76-day1
: 0.244949
? - 143
  - DT76-day2
: 0.230937
? - 143
  - DT76-day3
: 0.237943
? - 145
  - DT75-HL60
: 0.000001
? - 145
  - DT75-day2
: 0.000001
? - 145
  - DT75-day3
: 0.000001
? - 145
  - DT76-HL60
: 0.220657
? - 145
  - DT76-day1
: 0.48301
? - 145
  - DT76-day2
: 0.241369
? - 145
  - DT76-day3
: 0.054961
? - 146
  - DT75-HL60
: 0.010022
? - 146
  - DT75-day2
: 0.010022
? - 146
  - DT75-day3
: 0.016884
? - 146
  - DT76-HL60
: 0.449212
? - 146
  - DT76-day1
: 0.147269
? - 146
  - DT76-day2
: 0.212461
? - 146
  - DT76-day3
: 0.154131
? - 147
  - DT75-HL60
: 0.000001
? - 147
  - DT75-day2
: 0.006542
? - 147
  - DT75-day3
: 0.013356
? - 147
  - DT76-HL60
: 0.067866
? - 147
  - DT76-day1
: 0.265467
? - 147
  - DT76-day2
: 0.333605
? - 147
  - DT76-day3
: 0.313163
? - 152
  - DT75-HL60
: 0.000001
? - 152
  - DT75-day2
: 0.012904
? - 152
  - DT75-day3
: 0.000001
? - 152
  - DT76-HL60
: 0.474055
? - 152
  - DT76-day1
: 0.401588
? - 152
  - DT76-day2
: 0.098546
? - 152
  - DT76-day3
: 0.012904
? - 154
  - DT75-HL60
: 0.006234
? - 154
  - DT75-day2
: 0.015993
? - 154
  - DT75-day3
: 0.022499
? - 154
  - DT76-HL60
: 0.129845
? - 154
  - DT76-day1
: 0.546221
? - 154
  - DT76-day2
: 0.211169
? - 154
  - DT76-day3
: 0.06804
? - 155
  - DT75-HL60
: 0.006189
? - 155
  - DT75-day2
: 0.000001
? - 155
  - DT75-day3
: 0.000001
? - 155
  - DT76-HL60
: 0.122475
? - 155
  - DT76-day1
: 0.451954
? - 155
  - DT76-day2
: 0.296905
? - 155
  - DT76-day3
: 0.122475
? - 158
  - DT75-HL60
: 0.000001
? - 158
  - DT75-day2
: 0.012394
? - 158
  - DT75-day3
: 0.000001
? - 158
  - DT76-HL60
: 0.000001
? - 158
  - DT76-day1
: 0.000001
? - 158
  - DT76-day2
: 0.987601
? - 158
  - DT76-day3
: 0.000001
? - 162
  - DT75-HL60
: 0.000001
? - 162
  - DT75-day2
: 0.005906
? - 162
  - DT75-day3
: 0.000001
? - 162
  - DT76-HL60
: 0.000001
? - 162
  - DT76-day1
: 0.592801
? - 162
  - DT76-day2
: 0.000001
? - 162
  - DT76-day3
: 0.401288
? - 164
  - DT75-HL60
: 0.005834
? - 164
  - DT75-day2
: 0.005834
? - 164
  - DT75-day3
: 0.000001
? - 164
  - DT76-HL60
: 0.000001
? - 164
  - DT76-day1
: 0.384396
? - 164
  - DT76-day2
: 0.52483
? - 164
  - DT76-day3
: 0.079104
? - 165
  - DT75-HL60
: 0.000001
? - 165
  - DT75-day2
: 0.000001
? - 165
  - DT75-day3
: 0.000001
? - 165
  - DT76-HL60
: 0.07858
? - 165
  - DT76-day1
: 0.000001
? - 165
  - DT76-day2
: 0.806442
? - 165
  - DT76-day3
: 0.114973
? - 166
  - DT75-HL60
: 0.041966
? - 166
  - DT75-day2
: 0.029898
? - 166
  - DT75-day3
: 0.000001
? - 166
  - DT76-HL60
: 0.331593
? - 166
  - DT76-day1
: 0.210915
? - 166
  - DT76-day2
: 0.32556
? - 166
  - DT76-day3
: 0.060067
? - 172
  - DT75-HL60
: 0.000001
? - 172
  - DT75-day2
: 0.023016
? - 172
  - DT75-day3
: 0.011372
? - 172
  - DT76-HL60
: 0.209315
? - 172
  - DT76-day1
: 0.000001
? - 172
  - DT76-day2
: 0.581912
? - 172
  - DT76-day3
: 0.174384
? - 174
  - DT75-HL60
: 0.002606
? - 174
  - DT75-day2
: 0.000001
? - 174
  - DT75-day3
: 0.002606
? - 174
  - DT76-HL60
: 0.4401
? - 174
  - DT76-day1
: 0.22711
? - 174
  - DT76-day2
: 0.235744
? - 174
  - DT76-day3
: 0.091832
? - 178
  - DT75-HL60
: 0.000001
? - 178
  - DT75-day2
: 0.000001
? - 178
  - DT75-day3
: 0.000001
? - 178
  - DT76-HL60
: 0.084089
? - 178
  - DT76-day1
: 0.123458
? - 178
  - DT76-day2
: 0.455278
? - 178
  - DT76-day3
: 0.337172
? - 180
  - DT75-HL60
: 0.027551
? - 180
  - DT75-day2
: 0.002511
? - 180
  - DT75-day3
: 0.030334
? - 180
  - DT76-HL60
: 0.19449
? - 180
  - DT76-day1
: 0.000001
? - 180
  - DT76-day2
: 0.492196
? - 180
  - DT76-day3
: 0.252918
? - 183
  - DT75-HL60
: 0.000001
? - 183
  - DT75-day2
: 0.005199
? - 183
  - DT75-day3
: 0.000001
? - 183
  - DT76-HL60
: 0.000001
? - 183
  - DT76-day1
: 0.475653
? - 183
  - DT76-day2
: 0.382656
? - 183
  - DT76-day3
: 0.136488
? - 187
  - DT75-HL60
: 0.000001
? - 187
  - DT75-day2
: 0.000001
? - 187
  - DT75-day3
: 0.005083
? - 187
  - DT76-HL60
: 0.197858
? - 187
  - DT76-day1
: 0.283535
? - 187
  - DT76-day2
: 0.090761
? - 187
  - DT76-day3
: 0.422761
? - 189
  - DT75-HL60
: 0.000001
? - 189
  - DT75-day2
: 0.010319
? - 189
  - DT75-day3
: 0.000001
? - 189
  - DT76-HL60
: 0.349218
? - 189
  - DT76-day1
: 0.000001
? - 189
  - DT76-day2
: 0.000001
? - 189
  - DT76-day3
: 0.640459
? - 195
  - DT75-HL60
: 0.000001
? - 195
  - DT75-day2
: 0.015134
? - 195
  - DT75-day3
: 0.000001
? - 195
  - DT76-HL60
: 0.235946
? - 195
  - DT76-day1
: 0.292432
? - 195
  - DT76-day2
: 0.343784
? - 195
  - DT76-day3
: 0.112702
? - 198
  - DT75-HL60
: 0.176736
? - 198
  - DT75-day2
: 0.000001
? - 198
  - DT75-day3
: 0.000001
? - 198
  - DT76-HL60
: 0.287998
? - 198
  - DT76-day1
: 0.196965
? - 198
  - DT76-day2
: 0.080646
? - 198
  - DT76-day3
: 0.257653
? - 203
  - DT75-HL60
: 0.000001
? - 203
  - DT75-day2
: 0.000001
? - 203
  - DT75-day3
: 0.000001
? - 203
  - DT76-HL60
: 0.418901
? - 203
  - DT76-day1
: 0.335067
? - 203
  - DT76-day2
: 0.17726
? - 203
  - DT76-day3
: 0.068769
? - 209
  - DT75-HL60
: 0.023691
? - 209
  - DT75-day2
: 0.052446
? - 209
  - DT75-day3
: 0.028483
? - 209
  - DT76-HL60
: 0.244145
? - 209
  - DT76-day1
: 0.181843
? - 209
  - DT76-day2
: 0.469392
? - 209
  - DT76-day3
: 0.000001
? - 211
  - DT75-HL60
: 0.009222
? - 211
  - DT75-day2
: 0.013969
? - 211
  - DT75-day3
: 0.023464
? - 211
  - DT76-HL60
: 0.493422
? - 211
  - DT76-day1
: 0.000001
? - 211
  - DT76-day2
: 0.279805
? - 211
  - DT76-day3
: 0.180117
? - 217
  - DT75-HL60
: 0.008962
? - 217
  - DT75-day2
: 0.022813
? - 217
  - DT75-day3
: 0.013579
? - 217
  - DT76-HL60
: 0.244433
? - 217
  - DT76-day1
: 0.258284
? - 217
  - DT76-day2
: 0.13824
? - 217
  - DT76-day3
: 0.313688
? - 218
  - DT75-HL60
: 0.000001
? - 218
  - DT75-day2
: 0.000001
? - 218
  - DT75-day3
: 0.000001
? - 218
  - DT76-HL60
: 0.217854
? - 218
  - DT76-day1
: 0.325769
? - 218
  - DT76-day2
: 0.231631
? - 218
  - DT76-day3
: 0.224743
? - 220
  - DT75-HL60
: 0.013387
? - 220
  - DT75-day2
: 0.054363
? - 220
  - DT75-day3
: 0.036151
? - 220
  - DT76-HL60
: 0.172737
? - 220
  - DT76-day1
: 0.664446
? - 220
  - DT76-day2
: 0.000001
? - 220
  - DT76-day3
: 0.058915
? - 224
  - DT75-HL60
: 0.000001
? - 224
  - DT75-day2
: 0.004199
? - 224
  - DT75-day3
: 0.000001
? - 224
  - DT76-HL60
: 0.124898
? - 224
  - DT76-day1
: 0.272419
? - 224
  - DT76-day2
: 0.406529
? - 224
  - DT76-day3
: 0.191953
? - 229
  - DT75-HL60
: 0.030337
? - 229
  - DT75-day2
: 0.000001
? - 229
  - DT75-day3
: 0.017219
? - 229
  - DT76-HL60
: 0.213992
? - 229
  - DT76-day1
: 0.664384
? - 229
  - DT76-day2
: 0.000001
? - 229
  - DT76-day3
: 0.074065
? - 242
  - DT75-HL60
: 0.000001
? - 242
  - DT75-day2
: 0.000001
? - 242
  - DT75-day3
: 0.000001
? - 242
  - DT76-HL60
: 0.016275
? - 242
  - DT76-day1
: 0.541637
? - 242
  - DT76-day2
: 0.210701
? - 242
  - DT76-day3
: 0.231384
? - 247
  - DT75-HL60
: 0.003782
? - 247
  - DT75-day2
: 0.011891
? - 247
  - DT75-day3
: 0.015945
? - 247
  - DT76-HL60
: 0.899733
? - 247
  - DT76-day1
: 0.000001
? - 247
  - DT76-day2
: 0.000001
? - 247
  - DT76-day3
: 0.068648
? - 248
  - DT75-HL60
: 0.000001
? - 248
  - DT75-day2
: 0.007806
? - 248
  - DT75-day3
: 0.011845
? - 248
  - DT76-HL60
: 0.088582
? - 248
  - DT76-day1
: 0.343029
? - 248
  - DT76-day2
: 0.431883
? - 248
  - DT76-day3
: 0.116854
? - 254
  - DT75-HL60
: 0.000001
? - 254
  - DT75-day2
: 0.000001
? - 254
  - DT75-day3
: 0.000001
? - 254
  - DT76-HL60
: 0.22044
? - 254
  - DT76-day1
: 0.177086
? - 254
  - DT76-day2
: 0.2835
? - 254
  - DT76-day3
: 0.318972
? - 256
  - DT75-HL60
: 0.007553
? - 256
  - DT75-day2
: 0.001685
? - 256
  - DT75-day3
: 0.005597
? - 256
  - DT76-HL60
: 0.195359
? - 256
  - DT76-day1
: 0.000001
? - 256
  - DT76-day2
: 0.332301
? - 256
  - DT76-day3
: 0.457504
? - 257
  - DT75-HL60
: 0.003627
? - 257
  - DT75-day2
: 0.027017
? - 257
  - DT75-day3
: 0.007525
? - 257
  - DT76-HL60
: 0.093291
? - 257
  - DT76-day1
: 0.518223
? - 257
  - DT76-day2
: 0.214143
? - 257
  - DT76-day3
: 0.136174
? - 260
  - DT75-HL60
: 0.007433
? - 260
  - DT75-day2
: 0.000001
? - 260
  - DT75-day3
: 0.007433
? - 260
  - DT76-HL60
: 0.427347
? - 260
  - DT76-day1
: 0.311774
? - 260
  - DT76-day2
: 0.211611
? - 260
  - DT76-day3
: 0.0344
? - 261
  - DT75-HL60
: 0.000001
? - 261
  - DT75-day2
: 0.003565
? - 261
  - DT75-day3
: 0.000001
? - 261
  - DT76-HL60
: 0.164703
? - 261
  - DT76-day1
: 0.425593
? - 261
  - DT76-day2
: 0.287474
? - 261
  - DT76-day3
: 0.118663
? - 262
  - DT75-HL60
: 0.000001
? - 262
  - DT75-day2
: 0.000001
? - 262
  - DT75-day3
: 0.000001
? - 262
  - DT76-HL60
: 0.400926
? - 262
  - DT76-day1
: 0.221342
? - 262
  - DT76-day2
: 0.282477
? - 262
  - DT76-day3
: 0.095252
? - 279
  - DT75-HL60
: 0.000001
? - 279
  - DT75-day2
: 0.003317
? - 279
  - DT75-day3
: 0.006907
? - 279
  - DT76-HL60
: 0.207896
? - 279
  - DT76-day1
: 0.609874
? - 279
  - DT76-day2
: 0.000001
? - 279
  - DT76-day3
: 0.172005
? - 302
  - DT75-HL60
: 0.00636
? - 302
  - DT75-day2
: 0.000001
? - 302
  - DT75-day3
: 0.000001
? - 302
  - DT76-HL60
: 0.215252
? - 302
  - DT76-day1
: 0.135674
? - 302
  - DT76-day2
: 0.182095
? - 302
  - DT76-day3
: 0.460618
? - 312
  - DT75-HL60
: 0.000001
? - 312
  - DT75-day2
: 0.006144
? - 312
  - DT75-day3
: 0.000001
? - 312
  - DT76-HL60
: 0.000001
? - 312
  - DT76-day1
: 0.410317
? - 312
  - DT76-day2
: 0.583535
? - 312
  - DT76-day3
: 0.000001
? - 315
  - DT75-HL60
: 0.025173
? - 315
  - DT75-day2
: 0.00927
? - 315
  - DT75-day3
: 0.002909
? - 315
  - DT76-HL60
: 0.20647
? - 315
  - DT76-day1
: 0.317793
? - 315
  - DT76-day2
: 0.400489
? - 315
  - DT76-day3
: 0.037896
? - 321
  - DT75-HL60
: 0.010652
? - 321
  - DT75-day2
: 0.012213
? - 321
  - DT75-day3
: 0.009092
? - 321
  - DT76-HL60
: 0.183879
? - 321
  - DT76-day1
: 0.321211
? - 321
  - DT76-day2
: 0.179197
? - 321
  - DT76-day3
: 0.283757
? - 331
  - DT75-HL60
: 0.000001
? - 331
  - DT75-day2
: 0.014855
? - 331
  - DT75-day3
: 0.000001
? - 331
  - DT76-HL60
: 0.247798
? - 331
  - DT76-day1
: 0.241748
? - 331
  - DT76-day2
: 0.435364
? - 331
  - DT76-day3
: 0.060233
? - 336
  - DT75-HL60
: 0.047425
? - 336
  - DT75-day2
: 0.011652
? - 336
  - DT75-day3
: 0.011652
? - 336
  - DT76-HL60
: 0.327643
? - 336
  - DT76-day1
: 0.000001
? - 336
  - DT76-day2
: 0.515448
? - 336
  - DT76-day3
: 0.086178
? - 389
  - DT75-HL60
: 0.010028
? - 389
  - DT75-day2
: 0.002303
? - 389
  - DT75-day3
: 0.000001
? - 389
  - DT76-HL60
: 0.07955
? - 389
  - DT76-day1
: 0.671773
? - 389
  - DT76-day2
: 0.187695
? - 389
  - DT76-day3
: 0.048651
? - 423
  - DT75-HL60
: 0.000001
? - 423
  - DT75-day2
: 0.006826
? - 423
  - DT75-day3
: 0.000001
? - 423
  - DT76-HL60
: 0.480023
? - 423
  - DT76-day1
: 0.000001
? - 423
  - DT76-day2
: 0.513147
? - 423
  - DT76-day3
: 0.000001
? - 429
  - DT75-HL60
: 0.000001
? - 429
  - DT75-day2
: 0.002063
? - 429
  - DT75-day3
: 0.002063
? - 429
  - DT76-HL60
: 0.125807
? - 429
  - DT76-day1
: 0.541402
? - 429
  - DT76-day2
: 0.237878
? - 429
  - DT76-day3
: 0.090785
? - 482
  - DT75-HL60
: 0.000001
? - 482
  - DT75-day2
: 0.008041
? - 482
  - DT75-day3
: 0.003884
? - 482
  - DT76-HL60
: 0.282346
? - 482
  - DT76-day1
: 0.205457
? - 482
  - DT76-day2
: 0.419498
? - 482
  - DT76-day3
: 0.080773
? - 561
  - DT75-HL60
: 0.000001
? - 561
  - DT75-day2
: 0.001513
? - 561
  - DT75-day3
: 0.000001
? - 561
  - DT76-HL60
: 0.265613
? - 561
  - DT76-day1
: 0.231709
? - 561
  - DT76-day2
: 0.501162
? - 561
  - DT76-day3
: 0.000001
? - 628
  - DT75-HL60
: 0.000001
? - 628
  - DT75-day2
: 0.018863
? - 628
  - DT75-day3
: 0.012484
? - 628
  - DT76-HL60
: 0.368062
? - 628
  - DT76-day1
: 0.229339
? - 628
  - DT76-day2
: 0.371251
? - 628
  - DT76-day3
: 0.000001
? - 828
  - DT75-HL60
: 0.002148
? - 828
  - DT75-day2
: 0.004567
? - 828
  - DT75-day3
: 0.000001
? - 828
  - DT76-HL60
: 0.229571
? - 828
  - DT76-day1
: 0.179973
? - 828
  - DT76-day2
: 0.251345
? - 828
  - DT76-day3
: 0.332395
? - 1567
  - DT75-HL60
: 0.004842
? - 1567
  - DT75-day2
: 0.002285
? - 1567
  - DT75-day3
: 0.000001
? - 1567
  - DT76-HL60
: 0.248378
? - 1567
  - DT76-day1
: 0.090495
? - 1567
  - DT76-day2
: 0.275224
? - 1567
  - DT76-day3
: 0.378775
