---
source: src/phantompurger.rs
expression: z_r
---
1: 183851006
2: 62264179
3: 23532255
4: 8767820
5: 3212022
6: 1173878
7: 434865
8: 164798
9: 63734
10: 25051
11: 9913
12: 3920
13: 1657
14: 714
15: 291
16: 141
17: 45
18: 31
19: 20
20: 10
21: 6
22: 5
23: 5
24: 3
25: 1
26: 1
27: 2
28: 2
29: 1
30: 1
34: 2
35: 1
36: 1
37: 1
47: 1
50: 1
51: 1
53: 3
56: 1
70: 1
78: 1
82: 1
89: 1
96: 1

