---
source: src/phantompurger.rs
expression: m_r
---
1: 183851006
2: 62476405
3: 23641771
4: 8821692
5: 3236879
6: 1185105
7: 439829
8: 167166
9: 64824
10: 25646
11: 10208
12: 4117
13: 1792
14: 824
15: 370
16: 218
17: 96
18: 58
19: 64
20: 42
21: 37
22: 27
23: 25
24: 24
25: 15
26: 20
27: 15
28: 23
29: 11
30: 14
31: 13
32: 12
33: 7
34: 13
35: 17
36: 10
37: 7
38: 9
39: 7
40: 5
41: 9
42: 3
43: 10
44: 12
45: 4
46: 11
47: 6
48: 10
49: 6
50: 8
51: 9
52: 4
53: 6
54: 4
55: 4
56: 6
57: 3
58: 2
59: 2
60: 3
61: 2
62: 3
63: 2
64: 1
65: 2
66: 4
67: 3
68: 4
69: 3
70: 5
71: 3
72: 3
73: 1
74: 2
75: 2
76: 3
77: 2
78: 5
79: 1
80: 1
81: 2
82: 3
83: 2
85: 3
86: 2
87: 2
89: 3
90: 1
91: 1
92: 2
93: 1
94: 1
95: 2
96: 4
97: 1
99: 1
101: 2
102: 1
103: 1
105: 2
106: 2
111: 2
114: 3
117: 1
122: 1
123: 1
124: 1
128: 1
130: 1
131: 2
132: 1
133: 1
134: 3
135: 2
137: 3
138: 1
139: 2
140: 2
142: 2
143: 1
145: 1
146: 2
147: 2
152: 1
154: 2
155: 1
158: 1
162: 1
164: 1
165: 1
166: 1
172: 1
174: 2
178: 1
180: 2
183: 1
187: 1
189: 1
195: 1
198: 1
203: 1
209: 1
211: 1
217: 1
218: 2
220: 1
224: 1
229: 1
242: 1
247: 1
248: 1
254: 1
256: 2
257: 1
260: 1
261: 1
262: 1
279: 1
302: 1
312: 1
315: 1
321: 2
331: 1
336: 1
389: 1
423: 1
429: 1
482: 1
561: 1
628: 1
828: 1
1567: 1

